Bookmarks: Unresolved ID reference "_32cf5fd2-3e15-b904-c327-af00c174726b" found.
Bookmarks: Unresolved ID reference "_f445ae98-a62f-97fb-314f-948495fd2877" found.
Bookmarks: Unresolved ID reference "_364252e1-95a6-4bfb-8d63-b28493f1ff33" found.
Bookmarks: Unresolved ID reference "_6c4825b5-5b33-43be-8438-e76319911fee" found.
Bookmarks: Unresolved ID reference "_f50fc34a-1e4d-98ab-f86c-fff66d531dea" found.
Bookmarks: Unresolved ID reference "_046a3dcf-5ef2-f5ee-5da9-12380e403b4d" found.
Page iv: Unresolved ID reference "_6c4825b5-5b33-43be-8438-e76319911fee" found.
Page v: Unresolved ID reference "_32cf5fd2-3e15-b904-c327-af00c174726b" found.
Page v: Unresolved ID reference "_046a3dcf-5ef2-f5ee-5da9-12380e403b4d" found.
Page v: Unresolved ID reference "_f50fc34a-1e4d-98ab-f86c-fff66d531dea" found.
Page v: Unresolved ID reference "_f445ae98-a62f-97fb-314f-948495fd2877" found.
Page v: Unresolved ID reference "_364252e1-95a6-4bfb-8d63-b28493f1ff33" found.
Page x: Unresolved ID reference "spatial_reference_system" found.
Page x: Unresolved ID reference "Influence_of_Reference_Systems_on_computations" found.
Page x: Unresolved ID reference "coordinate_reference_system" found.
Page x: Unresolved ID reference "Recommendation_for_units_of_measure" found.
Page x: Unresolved ID reference "Terms_and_definitions" found.
Page 9: Unresolved ID reference "RDF" found.
Page 9: Unresolved ID reference "RDFS" found.
Page 15: Unresolved ID reference "spatial_reference_system" found.
Page 15: Unresolved ID reference "OWL" found.
Page 15: Unresolved ID reference "RDF" found.
Page 15: Unresolved ID reference "coordinate_reference_system" found.
Page 15: Unresolved ID reference "RDFS" found.
Page 15: Unresolved ID reference "discrete_global_grid_system" found.
Page 19: Unresolved ID reference "RDF" found.
Page 19: Unresolved ID reference "RDFS" found.
Page 22: Unresolved ID reference "RDF" found.
Page 22: Unresolved ID reference "OWL" found.
Page 26: Unresolved ID reference "Class__geo" found.
Page 27: Unresolved ID reference "Class__geo" found.
Page 28: Unresolved ID reference "Class__Feature" found.
Page 28: Unresolved ID reference "Class__geo" found.
Page 28: Unresolved ID reference "Class__SpatialObject" found.
Page 28: Unresolved ID reference "Class__SpatialObjectCollection" found.
Page 29: Unresolved ID reference "Property__geo" found.
Page 30: Unresolved ID reference "Property__geo" found.
Page 31: Unresolved ID reference "Property__geo" found.
Page 32: Unresolved ID reference "Property__geo" found.
Page 33: Unresolved ID reference "Class__geo" found.
Page 33: Unresolved ID reference "Property__geo" found.
Page 34: Unresolved ID reference "Property__geo" found.
Page 35: Unresolved ID reference "Property__geo" found.
Page 38: Unresolved ID reference "Class__geo" found.
Page 38: Unresolved ID reference "Property__geo" found.
Page 39: Unresolved ID reference "Class__geo" found.
Page 39: Unresolved ID reference "Property_geo" found.
Page 40: Unresolved ID reference "Class__geo" found.
Page 40: Unresolved ID reference "Property_geo" found.
Page 45: Unresolved ID reference "Property__geo" found.
Page 46: Unresolved ID reference "Function__geof" found.
Page 46: Unresolved ID reference "Property__geo" found.
Page 47: Unresolved ID reference "Class__geo" found.
Page 48: Unresolved ID reference "Class__geo" found.
Page 48: Unresolved ID reference "Class__SpatialObjectCollection" found.
Page 48: Unresolved ID reference "Class__Geometry" found.
Page 49: Unresolved ID reference "Property__geo" found.
Page 50: Unresolved ID reference "Class__geo" found.
Page 50: Unresolved ID reference "Recommendation_for_units_of_measure" found.
Page 50: Unresolved ID reference "Property__geo" found.
Page 51: Unresolved ID reference "Recommendation_for_units_of_measure" found.
Page 51: Unresolved ID reference "Property__geo" found.
Page 52: Unresolved ID reference "Property__geo" found.
Page 53: Unresolved ID reference "Function__geof" found.
Page 53: Unresolved ID reference "RDFS_Datatype__geo" found.
Page 54: Unresolved ID reference "RDFS_Datatype__geo" found.
Page 55: Unresolved ID reference "Function__geof" found.
Page 55: Unresolved ID reference "RDFS_Datatype__geo" found.
Page 56: Unresolved ID reference "RDFS_Datatype__geo" found.
Page 57: Unresolved ID reference "Function__geof" found.
Page 57: Unresolved ID reference "RDFS_Datatype__geo" found.
Page 57: Unresolved ID reference "Property__geo" found.
Page 58: Unresolved ID reference "RDFS_Datatype__geo" found.
Page 59: Unresolved ID reference "Function__geof" found.
Page 59: Unresolved ID reference "RDFS_Datatype__geo" found.
Page 59: Unresolved ID reference "Property__geo" found.
Page 60: Unresolved ID reference "RDFS_Datatype__geo" found.
Page 61: Unresolved ID reference "Function__geof" found.
Page 61: Unresolved ID reference "Property__geo" found.
Page 62: Unresolved ID reference "RDFS_Datatype__geo" found.
Page 63: Unresolved ID reference "RDFS_Datatype__geo" found.
Page 64: Unresolved ID reference "Function__geof" found.
Page 64: Unresolved ID reference "Property__geo" found.
Page 65: Unresolved ID reference "Function__geof" found.
Page 66: Unresolved ID reference "Function__geof" found.
Page 66: Unresolved ID reference "RDFS_Datatype__geo" found.
Page 66: Unresolved ID reference "Recommendation_for_units_of_measure" found.
Page 67: Unresolved ID reference "Function__geof" found.
Page 67: Unresolved ID reference "Recommendation_for_units_of_measure" found.
Page 69: Unresolved ID reference "Function__geof" found.
Page 69: Unresolved ID reference "Recommendation_for_units_of_measure" found.
Page 70: Unresolved ID reference "Function__geof" found.
Page 70: Unresolved ID reference "Recommendation_for_units_of_measure" found.
Page 73: Unresolved ID reference "Function__geof" found.
Page 74: Unresolved ID reference "Function__geof" found.
Page 77: Unresolved ID reference "Function__geof" found.
Page 86: Unresolved ID reference "geometry_extension" found.
Page 86: Unresolved ID reference "vocabulary_extension" found.
Page 88: Unresolved ID reference "Simple_Features_Relation_Family__relation_family_Simple_Features_" found.
Page 88: Unresolved ID reference "Egenhofer_Relation_Family__relation_family_Egenhofer_" found.
Page 89: Unresolved ID reference "RCC8_Relation_Family__relation_family_RCC8_" found.
Page 89: Unresolved ID reference "Egenhofer_Relation_Family__relation_family_Egenhofer_" found.
Page 90: Unresolved ID reference "RCC8_Relation_Family__relation_family_RCC8_" found.
Page 90: Unresolved ID reference "Simple_Features_Relation_Family__relation_family_Simple_Features_" found.
Page 109: Unresolved ID reference "Class__geo" found.
Page 110: Unresolved ID reference "Class__geo" found.
Page 111: Unresolved ID reference "Property__geo" found.
Page 112: Unresolved ID reference "Property__geo" found.
Page 114: Unresolved ID reference "Class__geo" found.
Page 114: Unresolved ID reference "DGGS_Conformance_Class__Geometry_Extension_-_DGGS" found.
Page 115: Unresolved ID reference "Function__geof" found.
Page 115: Unresolved ID reference "Property__geo" found.
Page 116: Unresolved ID reference "Function__geof" found.
Page 117: Unresolved ID reference "RDFS_Datatype__geo" found.
Page 118: Unresolved ID reference "RDFS_Datatype__geo" found.
Page 119: Unresolved ID reference "Function__geof" found.
Page 119: Unresolved ID reference "RDFS_Datatype__geo" found.
Page 120: Unresolved ID reference "Property__geo" found.
Page 121: Unresolved ID reference "Function__geof" found.
Page 121: Unresolved ID reference "RDFS_Datatype__geo" found.
Page 122: Unresolved ID reference "RDFS_Datatype__geo" found.
Page 122: Unresolved ID reference "Property__geo" found.
Page 123: Unresolved ID reference "Function__geof" found.
Page 123: Unresolved ID reference "RDFS_Datatype__geo" found.
Page 124: Unresolved ID reference "Function__geof" found.
Page 124: Unresolved ID reference "RDFS_Datatype__geo" found.
Page 124: Unresolved ID reference "Property__geo" found.
Page 125: Unresolved ID reference "Function__geof" found.
Page 125: Unresolved ID reference "Conformance_Class__Geometry_Extension" found.
Page 126: Unresolved ID reference "_function_geofgetsrid" found.
Page 127: Unresolved ID reference "_spatial_aggregate_functions" found.
Page 127: Unresolved ID reference "RDFS_Datatype__geo" found.
Page 128: Unresolved ID reference "Function__geof" found.
Page 128: Unresolved ID reference "Property__geo" found.
Page 129: Unresolved ID reference "Function__geof" found.
Page 130: Unresolved ID reference "sf-query-functions" found.
Page 130: Unresolved ID reference "eh-query-functions" found.
Page 131: Unresolved ID reference "rdfse_common_reqs" found.
Page 131: Unresolved ID reference "rcc8-query-functions" found.
Page 136: Unresolved ID reference "geof_sfEquals" found.
Page 136: Unresolved ID reference "geof_sfContains" found.
Page 136: Unresolved ID reference "RDFS_Datatype__geo" found.
Page 136: Unresolved ID reference "geof_sfCrosses" found.
Page 136: Unresolved ID reference "geof_sfDisjoint" found.
Page 137: Unresolved ID reference "geof_ehContains" found.
Page 137: Unresolved ID reference "geof_ehOverlap" found.
Page 137: Unresolved ID reference "geof_ehDisjoint" found.
Page 137: Unresolved ID reference "geof_sfIntersects" found.
Page 137: Unresolved ID reference "geof_sfOverlaps" found.
Page 137: Unresolved ID reference "geof_rcc8eq" found.
Page 137: Unresolved ID reference "geof_ehEquals" found.
Page 137: Unresolved ID reference "geof_rcc8ntppi" found.
Page 137: Unresolved ID reference "geof_sfTouches" found.
Page 137: Unresolved ID reference "geof_ehCovers" found.
Page 137: Unresolved ID reference "geof_rcc8dcc" found.
Page 137: Unresolved ID reference "geof_rcc8ecc" found.
Page 137: Unresolved ID reference "geof_rcc8ntpp" found.
Page 137: Unresolved ID reference "geof_rcc8po" found.
Page 137: Unresolved ID reference "geof_ehCoveredBy" found.
Page 137: Unresolved ID reference "geof_sfWithin" found.
Page 137: Unresolved ID reference "geof_ehMeet" found.
Page 137: Unresolved ID reference "geof_ehInside" found.
Page 138: Unresolved ID reference "geof_rcc8tpp" found.
Page 138: Unresolved ID reference "Function__geof" found.
Page 138: Unresolved ID reference "geof_rcc8tppi" found.
Page 139: Unresolved ID reference "Function__geof" found.
Page 140: Unresolved ID reference "Function__geof" found.
Page 140: Unresolved ID reference "Common_Query_Functions" found.
Page 145: Unresolved ID reference "Class__geo" found.
Page 146: Unresolved ID reference "Class__geo" found.
Page 146: Unresolved ID reference "Property__geo" found.
Page 147: Unresolved ID reference "Class__geo" found.
Page 147: Unresolved ID reference "Property__geo" found.
Page 148: Unresolved ID reference "Property__geo" found.
Page 149: Unresolved ID reference "Class__geo" found.
Page 150: Unresolved ID reference "Property__geo" found.
Page 151: Unresolved ID reference "Class__geo" found.
Page 151: Unresolved ID reference "Property__geo" found.
Page 152: Unresolved ID reference "Class__geo" found.
Page 152: Unresolved ID reference "Property__geo" found.
Page 153: Unresolved ID reference "Property__geo" found.
Page 154: Unresolved ID reference "Property__geo" found.
Page 166: Unresolved ID reference "_req_geometry-extension_feature-properties" found.
Page 166: Unresolved ID reference "Property__geo" found.
Page 167: Unresolved ID reference "Class__geo" found.
Page 167: Unresolved ID reference "_req_geometry-extension_feature-properties" found.
Page 167: Unresolved ID reference "Property__geo" found.
Page 168: Unresolved ID reference "Class__geo" found.
Page 168: Unresolved ID reference "Property__geo" found.
Page 169: Unresolved ID reference "Class__geo" found.
Page 170: Unresolved ID reference "Class__geo" found.
Page 170: Unresolved ID reference "_req_core_geometry-collection-class" found.
Page 173: Unresolved ID reference "Class__geo" found.
Page 174: Unresolved ID reference "Class__geo" found.
Page 174: Unresolved ID reference "Property__geo" found.
Page 175: Unresolved ID reference "_simple_features_relation_family" found.
Page 175: Unresolved ID reference "Class__geo" found.
Page 175: Unresolved ID reference "Property__geo" found.
Page 176: Unresolved ID reference "_simple_features_relation_family" found.
Page 176: Unresolved ID reference "_rcc8_relation_family" found.
Page 176: Unresolved ID reference "Class__geo" found.
Page 177: Unresolved ID reference "_rcc8_relation_family" found.
Page 177: Unresolved ID reference "Class__geo" found.
Page 178: Unresolved ID reference "_simple_features_relation_family" found.
Page 178: Unresolved ID reference "Class__geo" found.
Page 178: Unresolved ID reference "Property__geo" found.
Page 179: Unresolved ID reference "Class__geo" found.
Page 180: Unresolved ID reference "_simple_features_relation_family" found.
Page 180: Unresolved ID reference "Class__geo" found.
Page 180: Unresolved ID reference "Property__geo" found.
Page 181: Unresolved ID reference "Class__geo" found.
Page 181: Unresolved ID reference "Property__geo" found.
Page 182: Unresolved ID reference "Class__geo" found.
Page 183: Unresolved ID reference "Class__geo" found.
Page 183: Unresolved ID reference "Property__geo" found.
Page 184: Unresolved ID reference "_simple_features_relation_family" found.
Page 184: Unresolved ID reference "Class__geo" found.
Page 184: Unresolved ID reference "Property__geo" found.
Page 185: Unresolved ID reference "Class__geo" found.
Page 186: Unresolved ID reference "_simple_features_relation_family" found.
Page 186: Unresolved ID reference "_rcc8_relation_family" found.
Page 186: Unresolved ID reference "Class__geo" found.
Page 186: Unresolved ID reference "_egenhofer_relation_family" found.
Page 187: Unresolved ID reference "_simple_features_relation_family" found.
Page 187: Unresolved ID reference "Class__geo" found.
Page 187: Unresolved ID reference "Property__geo" found.
Page 188: Unresolved ID reference "Class__geo" found.
Page 189: Unresolved ID reference "_simple_features_relation_family" found.
Page 189: Unresolved ID reference "Class__geo" found.
Page 189: Unresolved ID reference "Property__geo" found.
Page 190: Unresolved ID reference "_simple_features_relation_family" found.
Page 190: Unresolved ID reference "Class__geo" found.
Page 192: Unresolved ID reference "Class__geo" found.
Page 192: Unresolved ID reference "Property__geo" found.
Page 193: Unresolved ID reference "Class__geo" found.
Page 194: Unresolved ID reference "RDFS_Datatype__geo" found.
Page 195: Unresolved ID reference "RDFS_Datatype__geo" found.
Page 197: Unresolved ID reference "F.2.1_Query_Parameters" found.
68 link targets could not be fully resolved and now points to the top of the page or are dysfunctional.
